$ synalog.check('bitemporal.l')
No errors found.

$ synalog.compile('bitemporal.l', 'EmployedAt')
-- Initializing DuckDB environment.
create schema if not exists logica_home;
-- Empty record, has to have a field by DuckDB syntax.
drop type if exists logicarecord893574736 cascade; create type logicarecord893574736 as struct(nirvana numeric);
create sequence if not exists eternal_logical_sequence;

WITH t_1_People AS (SELECT * FROM (
  
    SELECT
      1 AS person_id,
      'Ada' AS name,
      'https://example.com/ada' AS profile_url
   UNION ALL
  
    SELECT
      2 AS person_id,
      'Grace' AS name,
      'https://example.com/grace' AS profile_url
  
) AS UNUSED_TABLE_NAME  ),
t_0_Person AS (SELECT
  People.person_id AS person_id,
  People.name AS name,
  People.profile_url AS profile_url
FROM
  t_1_People AS People
GROUP BY People.person_id, People.name, People.profile_url ORDER BY person_id),
t_2_Company AS (SELECT
  'acme' AS company_id,
  'https://acme.example.com' AS website
FROM
  (SELECT 'singleton' as s) as unused_singleton
GROUP BY ('acme' || ''), ('https://acme.example.com' || '') ORDER BY company_id),
t_3_EmploymentVersions AS (SELECT * FROM (
  
    SELECT
      1 AS person_id,
      'acme' AS company_id,
      'engineer' AS role,
      '2024-01-01' AS valid_from,
      '9999-12-31' AS valid_to,
      '2024-01-05' AS recorded_from,
      '2026-04-01' AS recorded_to
   UNION ALL
  
    SELECT
      1 AS person_id,
      'acme' AS company_id,
      'lead' AS role,
      '2024-01-01' AS valid_from,
      '9999-12-31' AS valid_to,
      '2026-04-01' AS recorded_from,
      '9999-12-31' AS recorded_to
   UNION ALL
  
    SELECT
      2 AS person_id,
      'acme' AS company_id,
      'engineer' AS role,
      '2023-03-01' AS valid_from,
      '2025-01-01' AS valid_to,
      '2023-03-02' AS recorded_from,
      '9999-12-31' AS recorded_to
  
) AS UNUSED_TABLE_NAME  )
SELECT
  Person.person_id AS person_id,
  Company.company_id AS company_id,
  EmploymentVersions.role AS role,
  EmploymentVersions.valid_from AS valid_from,
  EmploymentVersions.valid_to AS valid_to,
  EmploymentVersions.recorded_from AS recorded_from,
  EmploymentVersions.recorded_to AS recorded_to
FROM
  t_0_Person AS Person, t_2_Company AS Company, t_3_EmploymentVersions AS EmploymentVersions
WHERE
  (EmploymentVersions.person_id = Person.person_id) AND
  (EmploymentVersions.company_id = Company.company_id)
GROUP BY Person.person_id, Company.company_id, EmploymentVersions.role, EmploymentVersions.valid_from, EmploymentVersions.valid_to, EmploymentVersions.recorded_from, EmploymentVersions.recorded_to ORDER BY person_id, recorded_from;

-- Executed on DuckDB:
| person_id | company_id | role     | valid_from | valid_to   | recorded_from | recorded_to |
|-----------|------------|----------|------------|------------|---------------|-------------|
| 1         | acme       | engineer | 2024-01-01 | 9999-12-31 | 2024-01-05    | 2026-04-01  |
| 1         | acme       | lead     | 2024-01-01 | 9999-12-31 | 2026-04-01    | 9999-12-31  |
| 2         | acme       | engineer | 2023-03-01 | 2025-01-01 | 2023-03-02    | 9999-12-31  |
(3 rows)

$ synalog.compile('bitemporal.l', 'CurrentEmployment')
-- Initializing DuckDB environment.
create schema if not exists logica_home;
-- Empty record, has to have a field by DuckDB syntax.
drop type if exists logicarecord893574736 cascade; create type logicarecord893574736 as struct(nirvana numeric);
create sequence if not exists eternal_logical_sequence;

WITH t_3_People AS (SELECT * FROM (
  
    SELECT
      1 AS person_id,
      'Ada' AS name,
      'https://example.com/ada' AS profile_url
   UNION ALL
  
    SELECT
      2 AS person_id,
      'Grace' AS name,
      'https://example.com/grace' AS profile_url
  
) AS UNUSED_TABLE_NAME  ),
t_2_Person AS (SELECT
  People.person_id AS person_id,
  People.name AS name,
  People.profile_url AS profile_url
FROM
  t_3_People AS People
GROUP BY People.person_id, People.name, People.profile_url ORDER BY person_id),
t_4_Company AS (SELECT
  'acme' AS company_id,
  'https://acme.example.com' AS website
FROM
  (SELECT 'singleton' as s) as unused_singleton
GROUP BY ('acme' || ''), ('https://acme.example.com' || '') ORDER BY company_id),
t_5_EmploymentVersions AS (SELECT * FROM (
  
    SELECT
      1 AS person_id,
      'acme' AS company_id,
      'engineer' AS role,
      '2024-01-01' AS valid_from,
      '9999-12-31' AS valid_to,
      '2024-01-05' AS recorded_from,
      '2026-04-01' AS recorded_to
   UNION ALL
  
    SELECT
      1 AS person_id,
      'acme' AS company_id,
      'lead' AS role,
      '2024-01-01' AS valid_from,
      '9999-12-31' AS valid_to,
      '2026-04-01' AS recorded_from,
      '9999-12-31' AS recorded_to
   UNION ALL
  
    SELECT
      2 AS person_id,
      'acme' AS company_id,
      'engineer' AS role,
      '2023-03-01' AS valid_from,
      '2025-01-01' AS valid_to,
      '2023-03-02' AS recorded_from,
      '9999-12-31' AS recorded_to
  
) AS UNUSED_TABLE_NAME  ),
t_0_EmployedAt AS (SELECT
  t_1_Person.person_id AS person_id,
  Company.company_id AS company_id,
  EmploymentVersions.role AS role,
  EmploymentVersions.valid_from AS valid_from,
  EmploymentVersions.valid_to AS valid_to,
  EmploymentVersions.recorded_from AS recorded_from,
  EmploymentVersions.recorded_to AS recorded_to
FROM
  t_2_Person AS t_1_Person, t_4_Company AS Company, t_5_EmploymentVersions AS EmploymentVersions
WHERE
  (EmploymentVersions.person_id = t_1_Person.person_id) AND
  (EmploymentVersions.company_id = Company.company_id)
GROUP BY t_1_Person.person_id, Company.company_id, EmploymentVersions.role, EmploymentVersions.valid_from, EmploymentVersions.valid_to, EmploymentVersions.recorded_from, EmploymentVersions.recorded_to ORDER BY person_id, recorded_from)
SELECT
  EmployedAt.person_id AS person_id,
  Person.name AS name,
  EmployedAt.company_id AS company_id,
  EmployedAt.role AS role
FROM
  t_0_EmployedAt AS EmployedAt, t_2_Person AS Person, (SELECT strftime(current_date, '%Y-%m-%d') AS date) AS Today
WHERE
  (EmployedAt.valid_from <= Today.date) AND
  (Today.date < EmployedAt.valid_to) AND
  (EmployedAt.recorded_to = '9999-12-31') AND
  (Person.person_id = EmployedAt.person_id)
GROUP BY EmployedAt.person_id, Person.name, EmployedAt.company_id, EmployedAt.role ORDER BY person_id;

-- Executed on DuckDB:
| person_id | name | company_id | role |
|-----------|------|------------|------|
| 1         | Ada  | acme       | lead |
(1 row)

$ synalog.compile('bitemporal.l', 'EmploymentSnapshot')
-- Initializing DuckDB environment.
create schema if not exists logica_home;
-- Empty record, has to have a field by DuckDB syntax.
drop type if exists logicarecord893574736 cascade; create type logicarecord893574736 as struct(nirvana numeric);
create sequence if not exists eternal_logical_sequence;

WITH t_2_People AS (SELECT * FROM (
  
    SELECT
      1 AS person_id,
      'Ada' AS name,
      'https://example.com/ada' AS profile_url
   UNION ALL
  
    SELECT
      2 AS person_id,
      'Grace' AS name,
      'https://example.com/grace' AS profile_url
  
) AS UNUSED_TABLE_NAME  ),
t_1_Person AS (SELECT
  People.person_id AS person_id,
  People.name AS name,
  People.profile_url AS profile_url
FROM
  t_2_People AS People
GROUP BY People.person_id, People.name, People.profile_url ORDER BY person_id),
t_3_Company AS (SELECT
  'acme' AS company_id,
  'https://acme.example.com' AS website
FROM
  (SELECT 'singleton' as s) as unused_singleton
GROUP BY ('acme' || ''), ('https://acme.example.com' || '') ORDER BY company_id),
t_4_EmploymentVersions AS (SELECT * FROM (
  
    SELECT
      1 AS person_id,
      'acme' AS company_id,
      'engineer' AS role,
      '2024-01-01' AS valid_from,
      '9999-12-31' AS valid_to,
      '2024-01-05' AS recorded_from,
      '2026-04-01' AS recorded_to
   UNION ALL
  
    SELECT
      1 AS person_id,
      'acme' AS company_id,
      'lead' AS role,
      '2024-01-01' AS valid_from,
      '9999-12-31' AS valid_to,
      '2026-04-01' AS recorded_from,
      '9999-12-31' AS recorded_to
   UNION ALL
  
    SELECT
      2 AS person_id,
      'acme' AS company_id,
      'engineer' AS role,
      '2023-03-01' AS valid_from,
      '2025-01-01' AS valid_to,
      '2023-03-02' AS recorded_from,
      '9999-12-31' AS recorded_to
  
) AS UNUSED_TABLE_NAME  ),
t_0_EmployedAt AS (SELECT
  Person.person_id AS person_id,
  Company.company_id AS company_id,
  EmploymentVersions.role AS role,
  EmploymentVersions.valid_from AS valid_from,
  EmploymentVersions.valid_to AS valid_to,
  EmploymentVersions.recorded_from AS recorded_from,
  EmploymentVersions.recorded_to AS recorded_to
FROM
  t_1_Person AS Person, t_3_Company AS Company, t_4_EmploymentVersions AS EmploymentVersions
WHERE
  (EmploymentVersions.person_id = Person.person_id) AND
  (EmploymentVersions.company_id = Company.company_id)
GROUP BY Person.person_id, Company.company_id, EmploymentVersions.role, EmploymentVersions.valid_from, EmploymentVersions.valid_to, EmploymentVersions.recorded_from, EmploymentVersions.recorded_to ORDER BY person_id, recorded_from)
SELECT
  EmployedAt.person_id AS person_id,
  EmployedAt.company_id AS company_id,
  EmployedAt.role AS role
FROM
  (SELECT strftime(current_date, '%Y-%m-%d') AS date) AS Today, t_0_EmployedAt AS EmployedAt
WHERE
  (EmployedAt.valid_from <= Today.date) AND
  (Today.date < EmployedAt.valid_to) AND
  (EmployedAt.recorded_from <= Today.date) AND
  (Today.date < EmployedAt.recorded_to)
GROUP BY EmployedAt.person_id, EmployedAt.company_id, EmployedAt.role ORDER BY person_id;

-- Executed on DuckDB:
| person_id | company_id | role |
|-----------|------------|------|
| 1         | acme       | lead |
(1 row)

$ synalog.compile('bitemporal.l', 'EmploymentAsKnownInMarch')
-- Initializing DuckDB environment.
create schema if not exists logica_home;
-- Empty record, has to have a field by DuckDB syntax.
drop type if exists logicarecord893574736 cascade; create type logicarecord893574736 as struct(nirvana numeric);
create sequence if not exists eternal_logical_sequence;

WITH t_2_People AS (SELECT * FROM (
  
    SELECT
      1 AS person_id,
      'Ada' AS name,
      'https://example.com/ada' AS profile_url
   UNION ALL
  
    SELECT
      2 AS person_id,
      'Grace' AS name,
      'https://example.com/grace' AS profile_url
  
) AS UNUSED_TABLE_NAME  ),
t_1_Person AS (SELECT
  People.person_id AS person_id,
  People.name AS name,
  People.profile_url AS profile_url
FROM
  t_2_People AS People
GROUP BY People.person_id, People.name, People.profile_url ORDER BY person_id),
t_3_Company AS (SELECT
  'acme' AS company_id,
  'https://acme.example.com' AS website
FROM
  (SELECT 'singleton' as s) as unused_singleton
GROUP BY ('acme' || ''), ('https://acme.example.com' || '') ORDER BY company_id),
t_4_EmploymentVersions AS (SELECT * FROM (
  
    SELECT
      1 AS person_id,
      'acme' AS company_id,
      'engineer' AS role,
      '2024-01-01' AS valid_from,
      '9999-12-31' AS valid_to,
      '2024-01-05' AS recorded_from,
      '2026-04-01' AS recorded_to
   UNION ALL
  
    SELECT
      1 AS person_id,
      'acme' AS company_id,
      'lead' AS role,
      '2024-01-01' AS valid_from,
      '9999-12-31' AS valid_to,
      '2026-04-01' AS recorded_from,
      '9999-12-31' AS recorded_to
   UNION ALL
  
    SELECT
      2 AS person_id,
      'acme' AS company_id,
      'engineer' AS role,
      '2023-03-01' AS valid_from,
      '2025-01-01' AS valid_to,
      '2023-03-02' AS recorded_from,
      '9999-12-31' AS recorded_to
  
) AS UNUSED_TABLE_NAME  ),
t_0_EmployedAt AS (SELECT
  Person.person_id AS person_id,
  Company.company_id AS company_id,
  EmploymentVersions.role AS role,
  EmploymentVersions.valid_from AS valid_from,
  EmploymentVersions.valid_to AS valid_to,
  EmploymentVersions.recorded_from AS recorded_from,
  EmploymentVersions.recorded_to AS recorded_to
FROM
  t_1_Person AS Person, t_3_Company AS Company, t_4_EmploymentVersions AS EmploymentVersions
WHERE
  (EmploymentVersions.person_id = Person.person_id) AND
  (EmploymentVersions.company_id = Company.company_id)
GROUP BY Person.person_id, Company.company_id, EmploymentVersions.role, EmploymentVersions.valid_from, EmploymentVersions.valid_to, EmploymentVersions.recorded_from, EmploymentVersions.recorded_to ORDER BY person_id, recorded_from)
SELECT
  EmployedAt.person_id AS person_id,
  EmployedAt.company_id AS company_id,
  EmployedAt.role AS role
FROM
  t_0_EmployedAt AS EmployedAt
WHERE
  (EmployedAt.valid_from <= '2026-03-01') AND
  ('2026-03-01' < EmployedAt.valid_to) AND
  (EmployedAt.recorded_from <= '2026-03-01') AND
  ('2026-03-01' < EmployedAt.recorded_to)
GROUP BY EmployedAt.person_id, EmployedAt.company_id, EmployedAt.role ORDER BY person_id;

-- Executed on DuckDB:
| person_id | company_id | role     |
|-----------|------------|----------|
| 1         | acme       | engineer |
(1 row)

$ synalog.compile('bitemporal.l', 'Correction')
-- Initializing DuckDB environment.
create schema if not exists logica_home;
-- Empty record, has to have a field by DuckDB syntax.
drop type if exists logicarecord893574736 cascade; create type logicarecord893574736 as struct(nirvana numeric);
create sequence if not exists eternal_logical_sequence;

WITH t_3_People AS (SELECT * FROM (
  
    SELECT
      1 AS person_id,
      'Ada' AS name,
      'https://example.com/ada' AS profile_url
   UNION ALL
  
    SELECT
      2 AS person_id,
      'Grace' AS name,
      'https://example.com/grace' AS profile_url
  
) AS UNUSED_TABLE_NAME  ),
t_2_Person AS (SELECT
  People.person_id AS person_id,
  People.name AS name,
  People.profile_url AS profile_url
FROM
  t_3_People AS People
GROUP BY People.person_id, People.name, People.profile_url ORDER BY person_id),
t_4_Company AS (SELECT
  'acme' AS company_id,
  'https://acme.example.com' AS website
FROM
  (SELECT 'singleton' as s) as unused_singleton
GROUP BY ('acme' || ''), ('https://acme.example.com' || '') ORDER BY company_id),
t_5_EmploymentVersions AS (SELECT * FROM (
  
    SELECT
      1 AS person_id,
      'acme' AS company_id,
      'engineer' AS role,
      '2024-01-01' AS valid_from,
      '9999-12-31' AS valid_to,
      '2024-01-05' AS recorded_from,
      '2026-04-01' AS recorded_to
   UNION ALL
  
    SELECT
      1 AS person_id,
      'acme' AS company_id,
      'lead' AS role,
      '2024-01-01' AS valid_from,
      '9999-12-31' AS valid_to,
      '2026-04-01' AS recorded_from,
      '9999-12-31' AS recorded_to
   UNION ALL
  
    SELECT
      2 AS person_id,
      'acme' AS company_id,
      'engineer' AS role,
      '2023-03-01' AS valid_from,
      '2025-01-01' AS valid_to,
      '2023-03-02' AS recorded_from,
      '9999-12-31' AS recorded_to
  
) AS UNUSED_TABLE_NAME  ),
t_1_EmployedAt AS (SELECT
  Person.person_id AS person_id,
  Company.company_id AS company_id,
  EmploymentVersions.role AS role,
  EmploymentVersions.valid_from AS valid_from,
  EmploymentVersions.valid_to AS valid_to,
  EmploymentVersions.recorded_from AS recorded_from,
  EmploymentVersions.recorded_to AS recorded_to
FROM
  t_2_Person AS Person, t_4_Company AS Company, t_5_EmploymentVersions AS EmploymentVersions
WHERE
  (EmploymentVersions.person_id = Person.person_id) AND
  (EmploymentVersions.company_id = Company.company_id)
GROUP BY Person.person_id, Company.company_id, EmploymentVersions.role, EmploymentVersions.valid_from, EmploymentVersions.valid_to, EmploymentVersions.recorded_from, EmploymentVersions.recorded_to ORDER BY person_id, recorded_from)
SELECT
  EmployedAt.person_id AS person_id,
  EmployedAt.role AS old_role,
  t_0_EmployedAt.role AS new_role,
  EmployedAt.recorded_to AS corrected_at
FROM
  t_1_EmployedAt AS EmployedAt, t_1_EmployedAt AS t_0_EmployedAt
WHERE
  (EmployedAt.recorded_to != '9999-12-31') AND
  (t_0_EmployedAt.person_id = EmployedAt.person_id) AND
  (t_0_EmployedAt.recorded_from = EmployedAt.recorded_to)
GROUP BY EmployedAt.person_id, EmployedAt.role, t_0_EmployedAt.role, EmployedAt.recorded_to ORDER BY person_id, corrected_at;

-- Executed on DuckDB:
| person_id | old_role | new_role | corrected_at |
|-----------|----------|----------|--------------|
| 1         | engineer | lead     | 2026-04-01   |
(1 row)
