$ synalog.check('functions.l')
No errors found.

$ synalog.compile('functions.l', 'ProductLabel')
-- Initializing DuckDB environment.
create schema if not exists logica_home;
-- Empty record, has to have a field by DuckDB syntax.
drop type if exists logicarecord893574736 cascade; create type logicarecord893574736 as struct(nirvana numeric);
create sequence if not exists eternal_logical_sequence;

WITH t_1_Products AS (SELECT * FROM (
  
    SELECT
      'espresso machine' AS name,
      249.99E0 AS price
   UNION ALL
  
    SELECT
      'grinder' AS name,
      79.5E0 AS price
  
) AS UNUSED_TABLE_NAME  )
SELECT
  Products.name AS name,
  ((((((UPPER(Products.name)) || (' ($'))) || (list_transform([Products.price], synalog_v -> (CASE WHEN synalog_v IS NULL THEN NULL WHEN ABS(synalog_v) < 0.0000000000000005 THEN '0' WHEN synalog_v = FLOOR(synalog_v) AND ABS(synalog_v) < 1e18 THEN CAST(CAST(synalog_v AS BIGINT) AS VARCHAR) WHEN ABS(synalog_v) >= 1e38 THEN CAST(synalog_v AS VARCHAR) WHEN ABS(synalog_v) < 1 THEN TRIM(TRAILING '.' FROM TRIM(TRAILING '0' FROM CAST(CAST(ROUND(CAST(CAST(synalog_v AS VARCHAR) AS DECIMAL(38,35)), 15) AS DECIMAL(38,35)) AS VARCHAR))) WHEN ABS(synalog_v) < 1e18 THEN list_transform([CAST(CAST(synalog_v AS VARCHAR) AS DECIMAL(38,20))], synalog_t -> TRIM(TRAILING '.' FROM TRIM(TRAILING '0' FROM CAST(CASE LENGTH(CAST(CAST(FLOOR(ABS(synalog_t)) AS BIGINT) AS VARCHAR)) WHEN 1 THEN CAST(ROUND(synalog_t, 14) AS DECIMAL(38,20)) WHEN 2 THEN CAST(ROUND(synalog_t, 13) AS DECIMAL(38,20)) WHEN 3 THEN CAST(ROUND(synalog_t, 12) AS DECIMAL(38,20)) WHEN 4 THEN CAST(ROUND(synalog_t, 11) AS DECIMAL(38,20)) WHEN 5 THEN CAST(ROUND(synalog_t, 10) AS DECIMAL(38,20)) WHEN 6 THEN CAST(ROUND(synalog_t, 9) AS DECIMAL(38,20)) WHEN 7 THEN CAST(ROUND(synalog_t, 8) AS DECIMAL(38,20)) WHEN 8 THEN CAST(ROUND(synalog_t, 7) AS DECIMAL(38,20)) WHEN 9 THEN CAST(ROUND(synalog_t, 6) AS DECIMAL(38,20)) WHEN 10 THEN CAST(ROUND(synalog_t, 5) AS DECIMAL(38,20)) WHEN 11 THEN CAST(ROUND(synalog_t, 4) AS DECIMAL(38,20)) WHEN 12 THEN CAST(ROUND(synalog_t, 3) AS DECIMAL(38,20)) WHEN 13 THEN CAST(ROUND(synalog_t, 2) AS DECIMAL(38,20)) WHEN 14 THEN CAST(ROUND(synalog_t, 1) AS DECIMAL(38,20)) WHEN 15 THEN CAST(ROUND(synalog_t, 0) AS DECIMAL(38,20)) WHEN 16 THEN CAST(ROUND(synalog_t, -1) AS DECIMAL(38,20)) WHEN 17 THEN CAST(ROUND(synalog_t, -2) AS DECIMAL(38,20)) WHEN 18 THEN CAST(ROUND(synalog_t, -3) AS DECIMAL(38,20)) END AS VARCHAR))))[1] ELSE list_transform([CAST(CAST(synalog_v AS VARCHAR) AS DECIMAL(38,0))], synalog_t -> CAST(CASE LENGTH(CAST(ABS(synalog_t) AS VARCHAR)) WHEN 19 THEN CAST(ROUND(synalog_t, -4) AS DECIMAL(38,0)) WHEN 20 THEN CAST(ROUND(synalog_t, -5) AS DECIMAL(38,0)) WHEN 21 THEN CAST(ROUND(synalog_t, -6) AS DECIMAL(38,0)) WHEN 22 THEN CAST(ROUND(synalog_t, -7) AS DECIMAL(38,0)) WHEN 23 THEN CAST(ROUND(synalog_t, -8) AS DECIMAL(38,0)) WHEN 24 THEN CAST(ROUND(synalog_t, -9) AS DECIMAL(38,0)) WHEN 25 THEN CAST(ROUND(synalog_t, -10) AS DECIMAL(38,0)) WHEN 26 THEN CAST(ROUND(synalog_t, -11) AS DECIMAL(38,0)) WHEN 27 THEN CAST(ROUND(synalog_t, -12) AS DECIMAL(38,0)) WHEN 28 THEN CAST(ROUND(synalog_t, -13) AS DECIMAL(38,0)) WHEN 29 THEN CAST(ROUND(synalog_t, -14) AS DECIMAL(38,0)) WHEN 30 THEN CAST(ROUND(synalog_t, -15) AS DECIMAL(38,0)) WHEN 31 THEN CAST(ROUND(synalog_t, -16) AS DECIMAL(38,0)) WHEN 32 THEN CAST(ROUND(synalog_t, -17) AS DECIMAL(38,0)) WHEN 33 THEN CAST(ROUND(synalog_t, -18) AS DECIMAL(38,0)) WHEN 34 THEN CAST(ROUND(synalog_t, -19) AS DECIMAL(38,0)) WHEN 35 THEN CAST(ROUND(synalog_t, -20) AS DECIMAL(38,0)) WHEN 36 THEN CAST(ROUND(synalog_t, -21) AS DECIMAL(38,0)) WHEN 37 THEN CAST(ROUND(synalog_t, -22) AS DECIMAL(38,0)) WHEN 38 THEN CAST(ROUND(synalog_t, -23) AS DECIMAL(38,0)) END AS VARCHAR))[1] END))[1]))) || (')')) AS label,
  UPPER(SUBSTR(Products.name, 1, 1)) AS initial,
  LENGTH(Products.name) AS name_length
FROM
  t_1_Products AS Products ORDER BY name;

-- Executed on DuckDB:
| name             | label                      | initial | name_length |
|------------------|----------------------------|---------|-------------|
| espresso machine | ESPRESSO MACHINE ($249.99) | E       | 16          |
| grinder          | GRINDER ($79.5)            | G       | 7           |
(2 rows)

$ synalog.compile('functions.l', 'Rounded')
-- Initializing DuckDB environment.
create schema if not exists logica_home;
-- Empty record, has to have a field by DuckDB syntax.
drop type if exists logicarecord893574736 cascade; create type logicarecord893574736 as struct(nirvana numeric);
create sequence if not exists eternal_logical_sequence;

WITH t_0_Products AS (SELECT * FROM (
  
    SELECT
      'espresso machine' AS name,
      249.99E0 AS price
   UNION ALL
  
    SELECT
      'grinder' AS name,
      79.5E0 AS price
  
) AS UNUSED_TABLE_NAME  )
SELECT
  Products.name AS name,
  ROUND(Products.price) AS rounded,
  FLOOR(Products.price) AS floor,
  ROUND(SQRT(Products.price)) AS sqrt
FROM
  t_0_Products AS Products ORDER BY name;

-- Executed on DuckDB:
| name             | rounded | floor | sqrt |
|------------------|---------|-------|------|
| espresso machine | 250.0   | 249.0 | 16.0 |
| grinder          | 80.0    | 79.0  | 9.0  |
(2 rows)

$ synalog.compile('functions.l', 'Casts')
-- Initializing DuckDB environment.
create schema if not exists logica_home;
-- Empty record, has to have a field by DuckDB syntax.
drop type if exists logicarecord893574736 cascade; create type logicarecord893574736 as struct(nirvana numeric);
create sequence if not exists eternal_logical_sequence;

WITH t_0_Products AS (SELECT * FROM (
  
    SELECT
      'espresso machine' AS name,
      249.99E0 AS price
   UNION ALL
  
    SELECT
      'grinder' AS name,
      79.5E0 AS price
  
) AS UNUSED_TABLE_NAME  )
SELECT
  Products.name AS name,
  CAST(ROUND(((Products.price) * (100))) AS BIGINT) AS cents,
  list_transform([Products.price], synalog_v -> (CASE WHEN synalog_v IS NULL THEN NULL WHEN ABS(synalog_v) < 0.0000000000000005 THEN '0' WHEN synalog_v = FLOOR(synalog_v) AND ABS(synalog_v) < 1e18 THEN CAST(CAST(synalog_v AS BIGINT) AS VARCHAR) WHEN ABS(synalog_v) >= 1e38 THEN CAST(synalog_v AS VARCHAR) WHEN ABS(synalog_v) < 1 THEN TRIM(TRAILING '.' FROM TRIM(TRAILING '0' FROM CAST(CAST(ROUND(CAST(CAST(synalog_v AS VARCHAR) AS DECIMAL(38,35)), 15) AS DECIMAL(38,35)) AS VARCHAR))) WHEN ABS(synalog_v) < 1e18 THEN list_transform([CAST(CAST(synalog_v AS VARCHAR) AS DECIMAL(38,20))], synalog_t -> TRIM(TRAILING '.' FROM TRIM(TRAILING '0' FROM CAST(CASE LENGTH(CAST(CAST(FLOOR(ABS(synalog_t)) AS BIGINT) AS VARCHAR)) WHEN 1 THEN CAST(ROUND(synalog_t, 14) AS DECIMAL(38,20)) WHEN 2 THEN CAST(ROUND(synalog_t, 13) AS DECIMAL(38,20)) WHEN 3 THEN CAST(ROUND(synalog_t, 12) AS DECIMAL(38,20)) WHEN 4 THEN CAST(ROUND(synalog_t, 11) AS DECIMAL(38,20)) WHEN 5 THEN CAST(ROUND(synalog_t, 10) AS DECIMAL(38,20)) WHEN 6 THEN CAST(ROUND(synalog_t, 9) AS DECIMAL(38,20)) WHEN 7 THEN CAST(ROUND(synalog_t, 8) AS DECIMAL(38,20)) WHEN 8 THEN CAST(ROUND(synalog_t, 7) AS DECIMAL(38,20)) WHEN 9 THEN CAST(ROUND(synalog_t, 6) AS DECIMAL(38,20)) WHEN 10 THEN CAST(ROUND(synalog_t, 5) AS DECIMAL(38,20)) WHEN 11 THEN CAST(ROUND(synalog_t, 4) AS DECIMAL(38,20)) WHEN 12 THEN CAST(ROUND(synalog_t, 3) AS DECIMAL(38,20)) WHEN 13 THEN CAST(ROUND(synalog_t, 2) AS DECIMAL(38,20)) WHEN 14 THEN CAST(ROUND(synalog_t, 1) AS DECIMAL(38,20)) WHEN 15 THEN CAST(ROUND(synalog_t, 0) AS DECIMAL(38,20)) WHEN 16 THEN CAST(ROUND(synalog_t, -1) AS DECIMAL(38,20)) WHEN 17 THEN CAST(ROUND(synalog_t, -2) AS DECIMAL(38,20)) WHEN 18 THEN CAST(ROUND(synalog_t, -3) AS DECIMAL(38,20)) END AS VARCHAR))))[1] ELSE list_transform([CAST(CAST(synalog_v AS VARCHAR) AS DECIMAL(38,0))], synalog_t -> CAST(CASE LENGTH(CAST(ABS(synalog_t) AS VARCHAR)) WHEN 19 THEN CAST(ROUND(synalog_t, -4) AS DECIMAL(38,0)) WHEN 20 THEN CAST(ROUND(synalog_t, -5) AS DECIMAL(38,0)) WHEN 21 THEN CAST(ROUND(synalog_t, -6) AS DECIMAL(38,0)) WHEN 22 THEN CAST(ROUND(synalog_t, -7) AS DECIMAL(38,0)) WHEN 23 THEN CAST(ROUND(synalog_t, -8) AS DECIMAL(38,0)) WHEN 24 THEN CAST(ROUND(synalog_t, -9) AS DECIMAL(38,0)) WHEN 25 THEN CAST(ROUND(synalog_t, -10) AS DECIMAL(38,0)) WHEN 26 THEN CAST(ROUND(synalog_t, -11) AS DECIMAL(38,0)) WHEN 27 THEN CAST(ROUND(synalog_t, -12) AS DECIMAL(38,0)) WHEN 28 THEN CAST(ROUND(synalog_t, -13) AS DECIMAL(38,0)) WHEN 29 THEN CAST(ROUND(synalog_t, -14) AS DECIMAL(38,0)) WHEN 30 THEN CAST(ROUND(synalog_t, -15) AS DECIMAL(38,0)) WHEN 31 THEN CAST(ROUND(synalog_t, -16) AS DECIMAL(38,0)) WHEN 32 THEN CAST(ROUND(synalog_t, -17) AS DECIMAL(38,0)) WHEN 33 THEN CAST(ROUND(synalog_t, -18) AS DECIMAL(38,0)) WHEN 34 THEN CAST(ROUND(synalog_t, -19) AS DECIMAL(38,0)) WHEN 35 THEN CAST(ROUND(synalog_t, -20) AS DECIMAL(38,0)) WHEN 36 THEN CAST(ROUND(synalog_t, -21) AS DECIMAL(38,0)) WHEN 37 THEN CAST(ROUND(synalog_t, -22) AS DECIMAL(38,0)) WHEN 38 THEN CAST(ROUND(synalog_t, -23) AS DECIMAL(38,0)) END AS VARCHAR))[1] END))[1] AS as_text
FROM
  t_0_Products AS Products ORDER BY name;

-- Executed on DuckDB:
| name             | cents | as_text |
|------------------|-------|---------|
| espresso machine | 24999 | 249.99  |
| grinder          | 7950  | 79.5    |
(2 rows)
